[debug] [2026-07-29T14:47:21.559Z] ----------------------------------------------------------------------
[debug] [2026-07-29T14:47:21.561Z] Command:       /opt/homebrew/Cellar/node/26.4.0/bin/node /Users/uhorizon/.npm/_npx/ba4f1959e38407b5/node_modules/.bin/firebase projects:list --json
[debug] [2026-07-29T14:47:21.561Z] CLI Version:   15.24.0
[debug] [2026-07-29T14:47:21.561Z] Platform:      darwin
[debug] [2026-07-29T14:47:21.561Z] Node Version:  v26.4.0
[debug] [2026-07-29T14:47:21.561Z] Detected Agent: codex_cli
[debug] [2026-07-29T14:47:21.561Z] Time:          Wed Jul 29 2026 16:47:21 GMT+0200 (Central European Summer Time)
[debug] [2026-07-29T14:47:21.561Z] ----------------------------------------------------------------------
[debug] 
[debug] [2026-07-29T14:47:21.568Z] >>> [apiv2][query] GET https://firebase-public.firebaseio.com/cli.json [none]
[debug] [2026-07-29T14:47:21.670Z] > command requires scopes: ["email","openid","https://www.googleapis.com/auth/cloudplatformprojects.readonly","https://www.googleapis.com/auth/firebase","https://www.googleapis.com/auth/cloud-platform"]
[debug] [2026-07-29T14:47:21.728Z] Error: Could not load the default credentials. Browse to https://cloud.google.com/docs/authentication/getting-started for more information.
    at GoogleAuth.getApplicationDefaultAsync (/Users/uhorizon/.npm/_npx/ba4f1959e38407b5/node_modules/google-auth-library/build/src/auth/googleauth.js:287:15)
    at process.processTicksAndRejections (node:internal/process/task_queues:104:5)
    at async GoogleAuth._GoogleAuth_determineClient (/Users/uhorizon/.npm/_npx/ba4f1959e38407b5/node_modules/google-auth-library/build/src/auth/googleauth.js:834:32)
    at async GoogleAuth.getClient (/Users/uhorizon/.npm/_npx/ba4f1959e38407b5/node_modules/google-auth-library/build/src/auth/googleauth.js:698:20)
    at async GoogleAuth.getAccessToken (/Users/uhorizon/.npm/_npx/ba4f1959e38407b5/node_modules/google-auth-library/build/src/auth/googleauth.js:722:24)
    at async autoAuth (/Users/uhorizon/.npm/_npx/ba4f1959e38407b5/node_modules/firebase-tools/lib/requireAuth.js:38:19)
    at async Object.requireAuth [as fn] (/Users/uhorizon/.npm/_npx/ba4f1959e38407b5/node_modules/firebase-tools/lib/requireAuth.js:100:20)
    at async /Users/uhorizon/.npm/_npx/ba4f1959e38407b5/node_modules/firebase-tools/lib/command.js:271:17
[error] 
[error] Error: Failed to authenticate, have you run firebase login?
[debug] [2026-07-29T14:47:23.783Z] ----------------------------------------------------------------------
[debug] [2026-07-29T14:47:23.785Z] Command:       /opt/homebrew/Cellar/node/26.4.0/bin/node /Users/uhorizon/.npm/_npx/8843fba6d2859245/node_modules/.bin/firebase deploy --only firestore:rules --project virtualartplattform --non-interactive
[debug] [2026-07-29T14:47:23.785Z] CLI Version:   15.24.0
[debug] [2026-07-29T14:47:23.785Z] Platform:      darwin
[debug] [2026-07-29T14:47:23.785Z] Node Version:  v26.4.0
[debug] [2026-07-29T14:47:23.785Z] Detected Agent: codex_cli
[debug] [2026-07-29T14:47:23.786Z] Time:          Wed Jul 29 2026 16:47:23 GMT+0200 (Central European Summer Time)
[debug] [2026-07-29T14:47:23.786Z] ----------------------------------------------------------------------
[debug] 
[debug] [2026-07-29T14:47:23.791Z] >>> [apiv2][query] GET https://firebase-public.firebaseio.com/cli.json [none]
[debug] [2026-07-29T14:47:24.335Z] > command requires scopes: ["email","openid","https://www.googleapis.com/auth/cloudplatformprojects.readonly","https://www.googleapis.com/auth/firebase","https://www.googleapis.com/auth/cloud-platform"]
[debug] [2026-07-29T14:47:24.341Z] Error: Could not load the default credentials. Browse to https://cloud.google.com/docs/authentication/getting-started for more information.
    at GoogleAuth.getApplicationDefaultAsync (/Users/uhorizon/.npm/_npx/8843fba6d2859245/node_modules/google-auth-library/build/src/auth/googleauth.js:287:15)
    at process.processTicksAndRejections (node:internal/process/task_queues:104:5)
    at async GoogleAuth._GoogleAuth_determineClient (/Users/uhorizon/.npm/_npx/8843fba6d2859245/node_modules/google-auth-library/build/src/auth/googleauth.js:834:32)
    at async GoogleAuth.getClient (/Users/uhorizon/.npm/_npx/8843fba6d2859245/node_modules/google-auth-library/build/src/auth/googleauth.js:698:20)
    at async GoogleAuth.getAccessToken (/Users/uhorizon/.npm/_npx/8843fba6d2859245/node_modules/google-auth-library/build/src/auth/googleauth.js:722:24)
    at async autoAuth (/Users/uhorizon/.npm/_npx/8843fba6d2859245/node_modules/firebase-tools/lib/requireAuth.js:38:19)
    at async requireAuth (/Users/uhorizon/.npm/_npx/8843fba6d2859245/node_modules/firebase-tools/lib/requireAuth.js:100:20)
    at async requirePermissions (/Users/uhorizon/.npm/_npx/8843fba6d2859245/node_modules/firebase-tools/lib/requirePermissions.js:17:5)
    at async /Users/uhorizon/.npm/_npx/8843fba6d2859245/node_modules/firebase-tools/lib/command.js:271:17
[error] 
[error] Error: Failed to authenticate, have you run firebase login?
[debug] [2026-07-29T14:47:33.919Z] ----------------------------------------------------------------------
[debug] [2026-07-29T14:47:33.921Z] Command:       /opt/homebrew/Cellar/node/26.4.0/bin/node /Users/uhorizon/.npm/_npx/8843fba6d2859245/node_modules/.bin/firebase login --reauth --no-localhost
[debug] [2026-07-29T14:47:33.921Z] CLI Version:   15.24.0
[debug] [2026-07-29T14:47:33.921Z] Platform:      darwin
[debug] [2026-07-29T14:47:33.921Z] Node Version:  v26.4.0
[debug] [2026-07-29T14:47:33.921Z] Detected Agent: codex_cli
[debug] [2026-07-29T14:47:33.921Z] Time:          Wed Jul 29 2026 16:47:33 GMT+0200 (Central European Summer Time)
[debug] [2026-07-29T14:47:33.922Z] ----------------------------------------------------------------------
[debug] 
[debug] [2026-07-29T14:47:33.927Z] >>> [apiv2][query] GET https://firebase-public.firebaseio.com/cli.json [none]
[debug] [2026-07-29T14:47:34.010Z] >>> [apiv2][query] POST https://auth.firebase.tools/attest [none]
[debug] [2026-07-29T14:47:34.010Z] >>> [apiv2][body] POST https://auth.firebase.tools/attest {"session_id":"e9fd6324-7c1d-4596-a5d9-4abd86385794"}
[debug] [2026-07-29T14:47:34.375Z] <<< [apiv2][status] GET https://firebase-public.firebaseio.com/cli.json 200
[debug] [2026-07-29T14:47:34.375Z] <<< [apiv2][body] GET https://firebase-public.firebaseio.com/cli.json {"cloudBuildErrorAfter":1594252800000,"cloudBuildWarnAfter":1590019200000,"defaultNode10After":1594252800000,"minVersion":"3.0.5","node8DeploysDisabledAfter":1613390400000,"node8RuntimeDisabledAfter":1615809600000,"node8WarnAfter":1600128000000}
[debug] [2026-07-29T14:47:34.499Z] <<< [apiv2][status] POST https://auth.firebase.tools/attest 200
[debug] [2026-07-29T14:47:34.499Z] <<< [apiv2][body] POST https://auth.firebase.tools/attest {"token":"JLhh2E2m_RsyRs7Q6ONViIpC5fMNKu_bsdL9KQOXirU"}
[info] 
[info] To sign in to the Firebase CLI:
[info] 
[info] 1. Take note of your session ID:
[info] 
[info]    E9FD6
[info] 
[info] 2. Visit the URL below on any device and follow the instructions to get your code:
[info] 
[info]    https://auth.firebase.tools/login?code_challenge=K4rakqqynZUJBDcGmaLkeFu4d0b5MVvjN6-wI8C3jsg&session=e9fd6324-7c1d-4596-a5d9-4abd86385794&attest=JLhh2E2m_RsyRs7Q6ONViIpC5fMNKu_bsdL9KQOXirU
[info] 
[info] 3. Paste or enter the authorization code below once you have it:
[info] 
