/Users/uhorizon/Documents/VirtualArtPlattform/blender/production/build_premium.py:48: DeprecationWarning: 'Material.use_nodes' is expected to be removed in Blender 6.0
  m=bpy.data.materials.new(name);m.use_nodes=True
/Users/uhorizon/Documents/VirtualArtPlattform/blender/production/build_premium.py:295: DeprecationWarning: 'World.use_nodes' is expected to be removed in Blender 6.0
  world=bpy.data.worlds.new('LIEUVA studio sky');world.use_nodes=True;scene.world=world
03:19.500  render           | Saved: '/Users/uhorizon/Documents/VirtualArtPlattform/blender/production/v1/white-cube-r2-1200.png'
/Users/uhorizon/Documents/VirtualArtPlattform/blender/production/build_premium.py:365: DeprecationWarning: 'Material.use_nodes' is expected to be removed in Blender 6.0
  if not mat.use_nodes:continue
Info: Saved as "white-cube.blend"
Warning: No mesh data to join
INFO Draco is available, use library at /Applications/Blender.app/Contents/Resources/5.2/scripts/addons_core/io_scene_gltf2/libbf_intern_draco_bridge.dylib
INFO MeshOptimizer is available, use library at /Applications/Blender.app/Contents/Resources/5.2/scripts/addons_core/io_scene_gltf2/libbf_intern_meshopt_bridge.dylib
10:22:37 | INFO: Starting glTF 2.0 export
10:22:37 | INFO: Extracting primitive: Cube.015
10:22:37 | INFO: Primitives created: 1
10:22:37 | INFO: Extracting primitive: Cube.009
10:22:37 | INFO: Primitives created: 1
10:22:37 | INFO: Extracting primitive: Cube.016
10:22:37 | INFO: Primitives created: 1
10:22:37 | INFO: Extracting primitive: Cube.018
10:22:37 | INFO: Primitives created: 1
10:22:37 | INFO: Extracting primitive: Cube.008
10:22:37 | INFO: Primitives created: 1
10:22:37 | INFO: Extracting primitive: Cube.002
10:22:37 | INFO: Primitives created: 1
10:22:37 | INFO: Extracting primitive: Cube.004
10:22:37 | INFO: Primitives created: 1
10:22:37 | INFO: Extracting primitive: Cube.006
10:22:37 | INFO: Primitives created: 1
10:22:37 | INFO: Extracting primitive: Walkable cells
10:22:37 | INFO: Primitives created: 1
10:22:37 | INFO: Extracting primitive: Cube.010
10:22:37 | INFO: Primitives created: 1
10:22:37 | INFO: Extracting primitive: Cube.019
10:22:37 | INFO: Primitives created: 1
10:22:37 | INFO: Extracting primitive: Cube.023
10:22:37 | INFO: Primitives created: 1
10:22:37 | INFO: Extracting primitive: Cube.032
10:22:37 | INFO: Primitives created: 1
10:22:37 | INFO: Extracting primitive: Cube.035
10:22:37 | INFO: Primitives created: 1
10:22:37 | INFO: Extracting primitive: Cube.007
10:22:37 | INFO: Primitives created: 1
10:22:37 | INFO: Extracting primitive: Cube
10:22:37 | INFO: Primitives created: 1
10:22:37 | INFO: Extracting primitive: Cube.001
10:22:37 | INFO: Primitives created: 1
10:22:37 | INFO: Extracting primitive: Cube.003
10:22:37 | INFO: Primitives created: 1
10:22:37 | INFO: Extracting primitive: Cube.005
10:22:37 | INFO: Primitives created: 1
10:22:37 | INFO: Extracting primitive: Plane.003
10:22:37 | INFO: Primitives created: 1
10:22:37 | INFO: Extracting primitive: Plane
10:22:37 | INFO: Primitives created: 1
10:22:37 | INFO: Extracting primitive: Plane.001
10:22:37 | INFO: Primitives created: 1
10:22:37 | INFO: Extracting primitive: Plane.002
10:22:37 | INFO: Primitives created: 1
10:22:37 | INFO: Finished glTF 2.0 export in 0.6829078197479248 s

10:22:40 | INFO: Starting glTF 2.0 export
10:22:40 | INFO: Extracting primitive: Cube.015
10:22:40 | INFO: Primitives created: 1
10:22:40 | INFO: Extracting primitive: Cube.009
10:22:40 | INFO: Primitives created: 1
10:22:40 | INFO: Extracting primitive: Cube.016
10:22:40 | INFO: Primitives created: 1
10:22:40 | INFO: Extracting primitive: Cube.018
10:22:40 | INFO: Primitives created: 1
10:22:40 | INFO: Extracting primitive: Cube.008
10:22:40 | INFO: Primitives created: 1
10:22:40 | INFO: Extracting primitive: Cube.002
10:22:40 | INFO: Primitives created: 1
10:22:40 | INFO: Extracting primitive: Cube.004
10:22:40 | INFO: Primitives created: 1
10:22:40 | INFO: Extracting primitive: Cube.006
10:22:40 | INFO: Primitives created: 1
10:22:40 | INFO: Extracting primitive: Walkable cells
10:22:40 | INFO: Primitives created: 1
10:22:40 | INFO: Extracting primitive: Cube.010
10:22:41 | INFO: Primitives created: 1
10:22:41 | INFO: Extracting primitive: Cube.019
10:22:41 | INFO: Primitives created: 1
10:22:41 | INFO: Extracting primitive: Cube.023
10:22:41 | INFO: Primitives created: 1
10:22:41 | INFO: Extracting primitive: Cube.032
10:22:41 | INFO: Primitives created: 1
10:22:41 | INFO: Extracting primitive: Cube.035
10:22:42 | INFO: Primitives created: 1
10:22:42 | INFO: Extracting primitive: Cube.007
10:22:42 | INFO: Primitives created: 1
10:22:42 | INFO: Extracting primitive: Cube
10:22:42 | INFO: Primitives created: 1
10:22:42 | INFO: Extracting primitive: Cube.001
10:22:42 | INFO: Primitives created: 1
10:22:42 | INFO: Extracting primitive: Cube.003
10:22:42 | INFO: Primitives created: 1
10:22:42 | INFO: Extracting primitive: Cube.005
10:22:42 | INFO: Primitives created: 1
10:22:42 | INFO: Extracting primitive: Plane.003
10:22:42 | INFO: Primitives created: 1
10:22:42 | INFO: Extracting primitive: Plane
10:22:42 | INFO: Primitives created: 1
10:22:42 | INFO: Extracting primitive: Plane.001
10:22:42 | INFO: Primitives created: 1
10:22:42 | INFO: Extracting primitive: Plane.002
10:22:42 | INFO: Primitives created: 1
10:22:42 | INFO: Finished glTF 2.0 export in 1.879723072052002 s

SURFACE_CONTRACT {"id": "white-cube", "surfaces": ["east", "north", "south", "west"], "obstacles": 6, "nav_triangles": 1192}
LIEUVA COMPLETE white-cube /Users/uhorizon/Documents/VirtualArtPlattform/blender/production/v1/white-cube-r2-1200.png
Blender 5.2.0 LTS (hash fbe6228777e7 built 2026-07-14 01:31:22)

Blender quit
